// Jest Snapshot v1, https://goo.gl/fbAQLP

exports[`app registry subscribe: APP_INIT_ERROR.  snapshot: displays an ErrorPage to root element 1`] = `
<UNDEFINED>
  <ErrorPage
    message="test-error-message"
  />
</UNDEFINED>
`;

exports[`app registry subscribe: APP_READY.  links App to root element 1`] = `
<UNDEFINED>
  <IntlProvider
    locale="en"
    messages={{}}
  >
    <MainApp />
  </IntlProvider>
</UNDEFINED>
`;
